2025-11-22 20:26:45,822 INFO o.a.j.u.JMeterUtils: Setting Locale to en_EN
2025-11-22 20:26:45,832 INFO o.a.j.JMeter: Loading user properties from: /opt/homebrew/Cellar/jmeter/5.6.3/libexec/bin/user.properties
2025-11-22 20:26:45,833 INFO o.a.j.JMeter: Loading system properties from: /opt/homebrew/Cellar/jmeter/5.6.3/libexec/bin/system.properties
2025-11-22 20:26:45,836 INFO o.a.j.JMeter: Copyright (c) 1998-2024 The Apache Software Foundation
2025-11-22 20:26:45,836 INFO o.a.j.JMeter: Version 5.6.3
2025-11-22 20:26:45,836 INFO o.a.j.JMeter: java.version=21.0.9
2025-11-22 20:26:45,836 INFO o.a.j.JMeter: java.vm.name=OpenJDK 64-Bit Server VM
2025-11-22 20:26:45,836 INFO o.a.j.JMeter: os.name=Mac OS X
2025-11-22 20:26:45,836 INFO o.a.j.JMeter: os.arch=aarch64
2025-11-22 20:26:45,836 INFO o.a.j.JMeter: os.version=26.1
2025-11-22 20:26:45,836 INFO o.a.j.JMeter: file.encoding=UTF-8
2025-11-22 20:26:45,836 INFO o.a.j.JMeter: java.awt.headless=null
2025-11-22 20:26:45,836 INFO o.a.j.JMeter: Max memory     =1073741824
2025-11-22 20:26:45,836 INFO o.a.j.JMeter: Available Processors =10
2025-11-22 20:26:45,842 INFO o.a.j.JMeter: Default Locale=English (EN)
2025-11-22 20:26:45,842 INFO o.a.j.JMeter: JMeter  Locale=English (EN)
2025-11-22 20:26:45,842 INFO o.a.j.JMeter: JMeterHome=/opt/homebrew/Cellar/jmeter/5.6.3/libexec
2025-11-22 20:26:45,842 INFO o.a.j.JMeter: user.dir  =/Users/shadymeee/proxy_project
2025-11-22 20:26:45,842 INFO o.a.j.JMeter: PWD       =/Users/shadymeee/proxy_project
2025-11-22 20:26:45,844 INFO o.a.j.JMeter: IP: 127.0.0.1 Name: Anurags-MacBook-Air-3.local FullName: localhost
2025-11-22 20:26:45,850 INFO o.a.j.JMeter: Loaded icon properties from org/apache/jmeter/images/icon.properties
2025-11-22 20:26:46,402 INFO o.a.j.JMeterGuiLauncher: Setting LAF to: com.github.weisj.darklaf.DarkLaf:com.github.weisj.darklaf.theme.DarculaTheme
2025-11-22 20:26:47,785 INFO o.a.j.r.ClassFinder: Will scan jar /opt/homebrew/Cellar/jmeter/5.6.3/libexec/lib/ext/jmeter-plugins-manager-1.9.jar with filter ExtendsClassFilter [parents=[interface org.apache.jmeter.gui.action.Command], inner=false, contains=null, notContains=null]. Consider exposing JMeter plugins via META-INF/services, and add JMeter-Skip-Class-Scanning=true manifest attribute so JMeter can skip classfile scanning
2025-11-22 20:26:47,877 INFO o.a.j.r.ClassFinder: Will scan jar /opt/homebrew/Cellar/jmeter/5.6.3/libexec/lib/ext/jmeter-plugins-manager-1.9.jar with filter ExtendsClassFilter [parents=[interface org.apache.jmeter.gui.plugin.MenuCreator], inner=false, contains=null, notContains=null]. Consider exposing JMeter plugins via META-INF/services, and add JMeter-Skip-Class-Scanning=true manifest attribute so JMeter can skip classfile scanning
2025-11-22 20:26:47,954 INFO o.j.r.JARSourceHTTP: Requesting https://jmeter-plugins.org/repo/?installID=mac_os_x-807e3f24684740c77c4ece8e3181afc5-gui
2025-11-22 20:26:49,759 INFO o.j.r.PluginManager: Plugins Status: [jpgc-plugins-manager=1.9, jmeter-core=5.6.3, jmeter-ftp=5.6.3, jmeter-http=5.6.3, jmeter-jdbc=5.6.3, jmeter-jms=5.6.3, jmeter-junit=5.6.3, jmeter-java=5.6.3, jmeter-ldap=5.6.3, jmeter-mail=5.6.3, jmeter-mongodb=5.6.3, jmeter-native=5.6.3, jmeter-tcp=5.6.3, jmeter-components=5.6.3]
2025-11-22 20:26:49,759 INFO o.j.r.PluginManagerMenuItem: Plugins Manager has upgrades: [jpgc-plugins-manager]
2025-11-22 20:27:01,966 INFO o.a.j.p.h.s.HTTPSamplerBase: Parser for text/html is org.apache.jmeter.protocol.http.parser.LagartoBasedHtmlParser
2025-11-22 20:27:01,966 INFO o.a.j.p.h.s.HTTPSamplerBase: Parser for application/xhtml+xml is org.apache.jmeter.protocol.http.parser.LagartoBasedHtmlParser
2025-11-22 20:27:01,966 INFO o.a.j.p.h.s.HTTPSamplerBase: Parser for application/xml is org.apache.jmeter.protocol.http.parser.LagartoBasedHtmlParser
2025-11-22 20:27:01,966 INFO o.a.j.p.h.s.HTTPSamplerBase: Parser for text/xml is org.apache.jmeter.protocol.http.parser.LagartoBasedHtmlParser
2025-11-22 20:27:01,966 INFO o.a.j.p.h.s.HTTPSamplerBase: Parser for text/vnd.wap.wml is org.apache.jmeter.protocol.http.parser.RegexpHTMLParser
2025-11-22 20:27:01,966 INFO o.a.j.p.h.s.HTTPSamplerBase: Parser for text/css is org.apache.jmeter.protocol.http.parser.CssParser
2025-11-22 20:28:19,223 INFO o.a.j.s.SampleResult: Note: Sample TimeStamps are START times
2025-11-22 20:28:19,224 INFO o.a.j.s.SampleResult: sampleresult.default.encoding is set to UTF-8
2025-11-22 20:28:19,224 INFO o.a.j.s.SampleResult: sampleresult.useNanoTime=true
2025-11-22 20:28:19,224 INFO o.a.j.s.SampleResult: sampleresult.nanoThreadSleep=5000
2025-11-22 20:28:19,275 INFO o.a.j.r.ClassFinder: Will scan jar /opt/homebrew/Cellar/jmeter/5.6.3/libexec/lib/ext/jmeter-plugins-manager-1.9.jar with filter ExtendsClassFilter [parents=[interface org.apache.jmeter.visualizers.ResultRenderer], inner=false, contains=null, notContains=null]. Consider exposing JMeter plugins via META-INF/services, and add JMeter-Skip-Class-Scanning=true manifest attribute so JMeter can skip classfile scanning
2025-11-22 20:28:19,287 INFO o.a.j.r.ClassFinder: Will scan jar /opt/homebrew/Cellar/jmeter/5.6.3/libexec/lib/ext/jmeter-plugins-manager-1.9.jar with filter ExtendsClassFilter [parents=[interface org.apache.jmeter.visualizers.RequestView], inner=false, contains=null, notContains=null]. Consider exposing JMeter plugins via META-INF/services, and add JMeter-Skip-Class-Scanning=true manifest attribute so JMeter can skip classfile scanning
2025-11-22 20:28:33,043 INFO o.a.j.e.StandardJMeterEngine: Running the test!
2025-11-22 20:28:33,044 INFO o.a.j.s.SampleEvent: List of sample_variables: []
2025-11-22 20:28:33,044 INFO o.a.j.s.SampleEvent: List of sample_variables: []
2025-11-22 20:28:33,045 INFO o.a.j.e.u.CompoundVariable: Note: Function class names must contain the string: '.functions.'
2025-11-22 20:28:33,045 INFO o.a.j.e.u.CompoundVariable: Note: Function class names must not contain the string: '.gui.'
2025-11-22 20:28:33,071 INFO o.a.j.r.ClassFinder: Will scan jar /opt/homebrew/Cellar/jmeter/5.6.3/libexec/lib/ext/jmeter-plugins-manager-1.9.jar with filter ExtendsClassFilter [parents=[interface org.apache.jmeter.functions.Function], inner=false, contains=null, notContains=null]. Consider exposing JMeter plugins via META-INF/services, and add JMeter-Skip-Class-Scanning=true manifest attribute so JMeter can skip classfile scanning
2025-11-22 20:28:33,074 INFO o.a.j.g.u.JMeterMenuBar: setRunning(true, *local*)
2025-11-22 20:28:33,102 INFO o.a.j.e.StandardJMeterEngine: Starting ThreadGroup: 1 : Thread Group
2025-11-22 20:28:33,102 INFO o.a.j.e.StandardJMeterEngine: Starting 10 threads for group Thread Group.
2025-11-22 20:28:33,102 INFO o.a.j.e.StandardJMeterEngine: Thread will continue on error
2025-11-22 20:28:33,102 INFO o.a.j.t.ThreadGroup: Starting thread group... number=1 threads=10 ramp-up=5 delayedStart=false
2025-11-22 20:28:33,105 INFO o.a.j.t.JMeterThread: Thread started: Thread Group 1-1
2025-11-22 20:28:33,106 INFO o.a.j.t.ThreadGroup: Started thread group number 1
2025-11-22 20:28:33,106 INFO o.a.j.e.StandardJMeterEngine: All thread groups have been started
2025-11-22 20:28:33,110 INFO o.a.j.p.h.s.HTTPHCAbstractImpl: Local host = Anurags-MacBook-Air-3.local
2025-11-22 20:28:33,112 INFO o.a.j.p.h.s.HTTPHC4Impl: HTTP request retry count = 0
2025-11-22 20:28:33,608 INFO o.a.j.t.JMeterThread: Thread started: Thread Group 1-2
2025-11-22 20:28:34,107 INFO o.a.j.t.JMeterThread: Thread started: Thread Group 1-3
2025-11-22 20:28:34,607 INFO o.a.j.t.JMeterThread: Thread started: Thread Group 1-4
2025-11-22 20:28:35,104 INFO o.a.j.t.JMeterThread: Thread started: Thread Group 1-5
2025-11-22 20:28:35,604 INFO o.a.j.t.JMeterThread: Thread started: Thread Group 1-6
2025-11-22 20:28:36,107 INFO o.a.j.t.JMeterThread: Thread started: Thread Group 1-7
2025-11-22 20:28:36,608 INFO o.a.j.t.JMeterThread: Thread started: Thread Group 1-8
2025-11-22 20:28:37,107 INFO o.a.j.t.JMeterThread: Thread started: Thread Group 1-9
2025-11-22 20:28:37,606 INFO o.a.j.t.JMeterThread: Thread started: Thread Group 1-10
2025-11-22 20:29:04,872 INFO o.a.j.g.a.Start: Stopping test
2025-11-22 20:29:04,884 INFO o.a.j.t.JMeterThread: Stopping: Thread Group 1-4
2025-11-22 20:29:04,885 WARN o.a.j.t.JMeterThread: Interrupting: Thread Group 1-4 sampler: HTTP Request
2025-11-22 20:29:04,886 INFO o.a.j.t.JMeterThread: Stopping: Thread Group 1-3
2025-11-22 20:29:04,886 WARN o.a.j.t.JMeterThread: Interrupting: Thread Group 1-3 sampler: HTTP Request
2025-11-22 20:29:04,886 INFO o.a.j.t.JMeterThread: Stopping: Thread Group 1-9
2025-11-22 20:29:04,886 WARN o.a.j.t.JMeterThread: Interrupting: Thread Group 1-9 sampler: HTTP Request
2025-11-22 20:29:04,886 INFO o.a.j.t.JMeterThread: Stopping: Thread Group 1-2
2025-11-22 20:29:04,887 WARN o.a.j.t.JMeterThread: Interrupting: Thread Group 1-2 sampler: HTTP Request
2025-11-22 20:29:04,887 INFO o.a.j.t.JMeterThread: Stopping: Thread Group 1-5
2025-11-22 20:29:04,887 WARN o.a.j.t.JMeterThread: Interrupting: Thread Group 1-5 sampler: HTTP Request
2025-11-22 20:29:04,887 INFO o.a.j.t.JMeterThread: Stopping: Thread Group 1-6
2025-11-22 20:29:04,887 WARN o.a.j.t.JMeterThread: Interrupting: Thread Group 1-6 sampler: HTTP Request
2025-11-22 20:29:04,888 INFO o.a.j.t.JMeterThread: Thread finished: Thread Group 1-2
2025-11-22 20:29:04,888 INFO o.a.j.t.JMeterThread: Thread finished: Thread Group 1-5
2025-11-22 20:29:04,888 INFO o.a.j.t.JMeterThread: Stopping: Thread Group 1-8
2025-11-22 20:29:04,888 WARN o.a.j.t.JMeterThread: Interrupting: Thread Group 1-8 sampler: HTTP Request
2025-11-22 20:29:04,888 INFO o.a.j.t.JMeterThread: Thread finished: Thread Group 1-9
2025-11-22 20:29:04,888 INFO o.a.j.t.JMeterThread: Stopping: Thread Group 1-10
2025-11-22 20:29:04,888 INFO o.a.j.t.JMeterThread: Thread finished: Thread Group 1-6
2025-11-22 20:29:04,888 INFO o.a.j.t.JMeterThread: Thread finished: Thread Group 1-10
2025-11-22 20:29:04,888 INFO o.a.j.t.JMeterThread: Thread finished: Thread Group 1-8
2025-11-22 20:29:04,888 INFO o.a.j.t.JMeterThread: Thread finished: Thread Group 1-3
2025-11-22 20:29:04,888 INFO o.a.j.t.JMeterThread: Thread finished: Thread Group 1-4
2025-11-22 20:29:04,889 INFO o.a.j.t.JMeterThread: Stopping: Thread Group 1-1
2025-11-22 20:29:04,889 WARN o.a.j.t.JMeterThread: Interrupting: Thread Group 1-1 sampler: HTTP Request
2025-11-22 20:29:04,889 INFO o.a.j.t.JMeterThread: Stopping: Thread Group 1-7
2025-11-22 20:29:04,889 WARN o.a.j.t.JMeterThread: Interrupting: Thread Group 1-7 sampler: HTTP Request
2025-11-22 20:29:04,890 INFO o.a.j.t.JMeterThread: Thread finished: Thread Group 1-7
2025-11-22 20:29:04,890 INFO o.a.j.t.JMeterThread: Thread finished: Thread Group 1-1
2025-11-22 20:29:04,890 INFO o.a.j.e.StandardJMeterEngine: Notifying test listeners of end of test
2025-11-22 20:29:04,891 INFO o.a.j.s.FileServer: Default base='/Users/shadymeee/proxy_project'
2025-11-22 20:29:04,891 INFO o.a.j.g.u.JMeterMenuBar: setRunning(false, *local*)
2025-11-22 20:29:24,022 INFO o.a.j.e.StandardJMeterEngine: Running the test!
2025-11-22 20:29:24,022 INFO o.a.j.s.SampleEvent: List of sample_variables: []
2025-11-22 20:29:24,023 INFO o.a.j.g.u.JMeterMenuBar: setRunning(true, *local*)
2025-11-22 20:29:24,051 INFO o.a.j.e.StandardJMeterEngine: Starting ThreadGroup: 1 : Thread Group
2025-11-22 20:29:24,051 INFO o.a.j.e.StandardJMeterEngine: Starting 15 threads for group Thread Group.
2025-11-22 20:29:24,051 INFO o.a.j.e.StandardJMeterEngine: Thread will continue on error
2025-11-22 20:29:24,052 INFO o.a.j.t.ThreadGroup: Starting thread group... number=1 threads=15 ramp-up=8 delayedStart=false
2025-11-22 20:29:24,052 INFO o.a.j.t.JMeterThread: Thread started: Thread Group 1-1
2025-11-22 20:29:24,055 INFO o.a.j.t.ThreadGroup: Started thread group number 1
2025-11-22 20:29:24,055 INFO o.a.j.e.StandardJMeterEngine: All thread groups have been started
2025-11-22 20:29:24,590 INFO o.a.j.t.JMeterThread: Thread started: Thread Group 1-2
2025-11-22 20:29:25,124 INFO o.a.j.t.JMeterThread: Thread started: Thread Group 1-3
2025-11-22 20:29:25,654 INFO o.a.j.t.JMeterThread: Thread started: Thread Group 1-4
2025-11-22 20:29:26,189 INFO o.a.j.t.JMeterThread: Thread started: Thread Group 1-5
2025-11-22 20:29:26,721 INFO o.a.j.t.JMeterThread: Thread started: Thread Group 1-6
2025-11-22 20:29:27,255 INFO o.a.j.t.JMeterThread: Thread started: Thread Group 1-7
2025-11-22 20:29:27,789 INFO o.a.j.t.JMeterThread: Thread started: Thread Group 1-8
2025-11-22 20:29:28,319 INFO o.a.j.t.JMeterThread: Thread started: Thread Group 1-9
2025-11-22 20:29:28,854 INFO o.a.j.t.JMeterThread: Thread started: Thread Group 1-10
2025-11-22 20:29:29,384 INFO o.a.j.t.JMeterThread: Thread started: Thread Group 1-11
2025-11-22 20:29:29,919 INFO o.a.j.t.JMeterThread: Thread started: Thread Group 1-12
2025-11-22 20:29:30,453 INFO o.a.j.t.JMeterThread: Thread started: Thread Group 1-13
2025-11-22 20:29:30,984 INFO o.a.j.t.JMeterThread: Thread started: Thread Group 1-14
2025-11-22 20:29:31,518 INFO o.a.j.t.JMeterThread: Thread started: Thread Group 1-15
2025-11-22 20:30:33,323 INFO o.a.j.g.a.Start: Shutting test down
2025-11-22 20:30:33,339 INFO o.a.j.t.JMeterThread: Stopping: Thread Group 1-11
2025-11-22 20:30:33,339 INFO o.a.j.t.JMeterThread: Stopping: Thread Group 1-1
2025-11-22 20:30:33,339 INFO o.a.j.t.JMeterThread: Stopping: Thread Group 1-5
2025-11-22 20:30:33,340 INFO o.a.j.t.JMeterThread: Stopping: Thread Group 1-13
2025-11-22 20:30:33,340 INFO o.a.j.t.JMeterThread: Stopping: Thread Group 1-6
2025-11-22 20:30:33,340 INFO o.a.j.t.JMeterThread: Stopping: Thread Group 1-10
2025-11-22 20:30:33,340 INFO o.a.j.t.JMeterThread: Stopping: Thread Group 1-14
2025-11-22 20:30:33,340 INFO o.a.j.t.JMeterThread: Stopping: Thread Group 1-4
2025-11-22 20:30:33,340 INFO o.a.j.t.JMeterThread: Stopping: Thread Group 1-7
2025-11-22 20:30:33,340 INFO o.a.j.t.JMeterThread: Stopping: Thread Group 1-9
2025-11-22 20:30:33,340 INFO o.a.j.t.JMeterThread: Stopping: Thread Group 1-12
2025-11-22 20:30:33,340 INFO o.a.j.t.JMeterThread: Stopping: Thread Group 1-8
2025-11-22 20:30:33,340 INFO o.a.j.t.JMeterThread: Stopping: Thread Group 1-2
2025-11-22 20:30:33,340 INFO o.a.j.t.JMeterThread: Stopping: Thread Group 1-3
2025-11-22 20:30:33,340 INFO o.a.j.t.JMeterThread: Stopping: Thread Group 1-15
2025-11-22 20:30:33,348 INFO o.a.j.t.JMeterThread: Thread finished: Thread Group 1-10
2025-11-22 20:30:33,348 INFO o.a.j.t.JMeterThread: Thread finished: Thread Group 1-14
2025-11-22 20:30:33,348 INFO o.a.j.t.JMeterThread: Thread finished: Thread Group 1-13
2025-11-22 20:30:33,348 INFO o.a.j.t.JMeterThread: Thread finished: Thread Group 1-11
2025-11-22 20:30:33,348 INFO o.a.j.t.JMeterThread: Thread finished: Thread Group 1-3
2025-11-22 20:30:33,348 INFO o.a.j.t.JMeterThread: Thread finished: Thread Group 1-8
2025-11-22 20:30:33,348 INFO o.a.j.t.JMeterThread: Thread finished: Thread Group 1-7
2025-11-22 20:30:33,348 INFO o.a.j.t.JMeterThread: Thread finished: Thread Group 1-15
2025-11-22 20:30:33,348 INFO o.a.j.t.JMeterThread: Thread finished: Thread Group 1-2
2025-11-22 20:30:33,348 INFO o.a.j.t.JMeterThread: Thread finished: Thread Group 1-5
2025-11-22 20:30:33,348 INFO o.a.j.t.JMeterThread: Thread finished: Thread Group 1-9
2025-11-22 20:30:33,348 INFO o.a.j.t.JMeterThread: Thread finished: Thread Group 1-1
2025-11-22 20:30:33,348 INFO o.a.j.t.JMeterThread: Thread finished: Thread Group 1-4
2025-11-22 20:30:33,348 INFO o.a.j.t.JMeterThread: Thread finished: Thread Group 1-6
2025-11-22 20:30:35,399 INFO o.a.j.t.JMeterThread: Thread finished: Thread Group 1-12
2025-11-22 20:30:35,399 INFO o.a.j.e.StandardJMeterEngine: Notifying test listeners of end of test
2025-11-22 20:30:35,399 INFO o.a.j.g.u.JMeterMenuBar: setRunning(false, *local*)
2025-11-22 20:30:46,189 INFO o.a.j.e.StandardJMeterEngine: Running the test!
2025-11-22 20:30:46,189 INFO o.a.j.s.SampleEvent: List of sample_variables: []
2025-11-22 20:30:46,189 INFO o.a.j.g.u.JMeterMenuBar: setRunning(true, *local*)
2025-11-22 20:30:46,214 INFO o.a.j.e.StandardJMeterEngine: Starting ThreadGroup: 1 : Thread Group
2025-11-22 20:30:46,214 INFO o.a.j.e.StandardJMeterEngine: Starting 25 threads for group Thread Group.
2025-11-22 20:30:46,214 INFO o.a.j.e.StandardJMeterEngine: Thread will continue on error
2025-11-22 20:30:46,215 INFO o.a.j.t.ThreadGroup: Starting thread group... number=1 threads=25 ramp-up=8 delayedStart=false
2025-11-22 20:30:46,215 INFO o.a.j.t.JMeterThread: Thread started: Thread Group 1-1
2025-11-22 20:30:46,221 INFO o.a.j.t.ThreadGroup: Started thread group number 1
2025-11-22 20:30:46,221 INFO o.a.j.e.StandardJMeterEngine: All thread groups have been started
2025-11-22 20:30:46,536 INFO o.a.j.t.JMeterThread: Thread started: Thread Group 1-2
2025-11-22 20:30:46,856 INFO o.a.j.t.JMeterThread: Thread started: Thread Group 1-3
2025-11-22 20:30:47,176 INFO o.a.j.t.JMeterThread: Thread started: Thread Group 1-4
2025-11-22 20:30:47,499 INFO o.a.j.t.JMeterThread: Thread started: Thread Group 1-5
2025-11-22 20:30:47,816 INFO o.a.j.t.JMeterThread: Thread started: Thread Group 1-6
2025-11-22 20:30:48,140 INFO o.a.j.t.JMeterThread: Thread started: Thread Group 1-7
2025-11-22 20:30:48,459 INFO o.a.j.t.JMeterThread: Thread started: Thread Group 1-8
2025-11-22 20:30:48,781 INFO o.a.j.t.JMeterThread: Thread started: Thread Group 1-9
2025-11-22 20:30:49,100 INFO o.a.j.t.JMeterThread: Thread started: Thread Group 1-10
2025-11-22 20:30:49,417 INFO o.a.j.t.JMeterThread: Thread started: Thread Group 1-11
2025-11-22 20:30:49,736 INFO o.a.j.t.JMeterThread: Thread started: Thread Group 1-12
2025-11-22 20:30:50,059 INFO o.a.j.t.JMeterThread: Thread started: Thread Group 1-13
2025-11-22 20:30:50,378 INFO o.a.j.t.JMeterThread: Thread started: Thread Group 1-14
2025-11-22 20:30:50,700 INFO o.a.j.t.JMeterThread: Thread started: Thread Group 1-15
2025-11-22 20:30:51,019 INFO o.a.j.t.JMeterThread: Thread started: Thread Group 1-16
2025-11-22 20:30:51,337 INFO o.a.j.t.JMeterThread: Thread started: Thread Group 1-17
2025-11-22 20:30:51,659 INFO o.a.j.t.JMeterThread: Thread started: Thread Group 1-18
2025-11-22 20:30:51,979 INFO o.a.j.t.JMeterThread: Thread started: Thread Group 1-19
2025-11-22 20:30:52,298 INFO o.a.j.t.JMeterThread: Thread started: Thread Group 1-20
2025-11-22 20:30:52,619 INFO o.a.j.t.JMeterThread: Thread started: Thread Group 1-21
2025-11-22 20:30:52,941 INFO o.a.j.t.JMeterThread: Thread started: Thread Group 1-22
2025-11-22 20:30:53,259 INFO o.a.j.t.JMeterThread: Thread started: Thread Group 1-23
2025-11-22 20:30:53,581 INFO o.a.j.t.JMeterThread: Thread started: Thread Group 1-24
2025-11-22 20:30:53,900 INFO o.a.j.t.JMeterThread: Thread started: Thread Group 1-25
2025-11-22 20:31:07,106 INFO o.a.j.g.a.Start: Stopping test
2025-11-22 20:31:07,117 INFO o.a.j.t.JMeterThread: Stopping: Thread Group 1-21
2025-11-22 20:31:07,117 WARN o.a.j.t.JMeterThread: Interrupting: Thread Group 1-21 sampler: HTTP Request
2025-11-22 20:31:07,118 INFO o.a.j.t.JMeterThread: Stopping: Thread Group 1-12
2025-11-22 20:31:07,118 WARN o.a.j.t.JMeterThread: Interrupting: Thread Group 1-12 sampler: HTTP Request
2025-11-22 20:31:07,118 INFO o.a.j.t.JMeterThread: Stopping: Thread Group 1-24
2025-11-22 20:31:07,118 WARN o.a.j.t.JMeterThread: Interrupting: Thread Group 1-24 sampler: HTTP Request
2025-11-22 20:31:07,118 WARN o.a.j.t.JMeterThread: No operation pending
2025-11-22 20:31:07,118 INFO o.a.j.t.JMeterThread: Stopping: Thread Group 1-5
2025-11-22 20:31:07,118 WARN o.a.j.t.JMeterThread: Interrupting: Thread Group 1-5 sampler: HTTP Request
2025-11-22 20:31:07,118 INFO o.a.j.t.JMeterThread: Thread finished: Thread Group 1-24
2025-11-22 20:31:07,118 INFO o.a.j.t.JMeterThread: Thread finished: Thread Group 1-21
2025-11-22 20:31:07,118 INFO o.a.j.t.JMeterThread: Thread finished: Thread Group 1-12
2025-11-22 20:31:07,119 INFO o.a.j.t.JMeterThread: Stopping: Thread Group 1-11
2025-11-22 20:31:07,119 WARN o.a.j.t.JMeterThread: Interrupting: Thread Group 1-11 sampler: HTTP Request
2025-11-22 20:31:07,119 INFO o.a.j.t.JMeterThread: Thread finished: Thread Group 1-5
2025-11-22 20:31:07,119 INFO o.a.j.t.JMeterThread: Stopping: Thread Group 1-10
2025-11-22 20:31:07,119 WARN o.a.j.t.JMeterThread: Interrupting: Thread Group 1-10 sampler: HTTP Request
2025-11-22 20:31:07,119 INFO o.a.j.t.JMeterThread: Stopping: Thread Group 1-4
2025-11-22 20:31:07,119 WARN o.a.j.t.JMeterThread: Interrupting: Thread Group 1-4 sampler: HTTP Request
2025-11-22 20:31:07,119 INFO o.a.j.t.JMeterThread: Stopping: Thread Group 1-22
2025-11-22 20:31:07,119 INFO o.a.j.t.JMeterThread: Thread finished: Thread Group 1-11
2025-11-22 20:31:07,119 INFO o.a.j.t.JMeterThread: Thread finished: Thread Group 1-10
2025-11-22 20:31:07,119 WARN o.a.j.t.JMeterThread: Interrupting: Thread Group 1-22 sampler: HTTP Request
2025-11-22 20:31:07,119 INFO o.a.j.t.JMeterThread: Thread finished: Thread Group 1-4
2025-11-22 20:31:07,119 INFO o.a.j.t.JMeterThread: Stopping: Thread Group 1-13
2025-11-22 20:31:07,120 WARN o.a.j.t.JMeterThread: Interrupting: Thread Group 1-13 sampler: HTTP Request
2025-11-22 20:31:07,120 INFO o.a.j.t.JMeterThread: Stopping: Thread Group 1-16
2025-11-22 20:31:07,120 WARN o.a.j.t.JMeterThread: Interrupting: Thread Group 1-16 sampler: HTTP Request
2025-11-22 20:31:07,120 INFO o.a.j.t.JMeterThread: Thread finished: Thread Group 1-22
2025-11-22 20:31:07,120 INFO o.a.j.t.JMeterThread: Thread finished: Thread Group 1-13
2025-11-22 20:31:07,120 INFO o.a.j.t.JMeterThread: Stopping: Thread Group 1-17
2025-11-22 20:31:07,120 WARN o.a.j.t.JMeterThread: Interrupting: Thread Group 1-17 sampler: HTTP Request
2025-11-22 20:31:07,120 INFO o.a.j.t.JMeterThread: Thread finished: Thread Group 1-16
2025-11-22 20:31:07,120 INFO o.a.j.t.JMeterThread: Stopping: Thread Group 1-1
2025-11-22 20:31:07,120 WARN o.a.j.t.JMeterThread: Interrupting: Thread Group 1-1 sampler: HTTP Request
2025-11-22 20:31:07,120 INFO o.a.j.t.JMeterThread: Stopping: Thread Group 1-25
2025-11-22 20:31:07,120 INFO o.a.j.t.JMeterThread: Thread finished: Thread Group 1-17
2025-11-22 20:31:07,120 WARN o.a.j.t.JMeterThread: Interrupting: Thread Group 1-25 sampler: HTTP Request
2025-11-22 20:31:07,120 INFO o.a.j.t.JMeterThread: Thread finished: Thread Group 1-1
2025-11-22 20:31:07,121 INFO o.a.j.t.JMeterThread: Stopping: Thread Group 1-7
2025-11-22 20:31:07,121 WARN o.a.j.t.JMeterThread: Interrupting: Thread Group 1-7 sampler: HTTP Request
2025-11-22 20:31:07,121 INFO o.a.j.t.JMeterThread: Stopping: Thread Group 1-15
2025-11-22 20:31:07,121 WARN o.a.j.t.JMeterThread: Interrupting: Thread Group 1-15 sampler: HTTP Request
2025-11-22 20:31:07,121 INFO o.a.j.t.JMeterThread: Thread finished: Thread Group 1-25
2025-11-22 20:31:07,121 INFO o.a.j.t.JMeterThread: Stopping: Thread Group 1-23
2025-11-22 20:31:07,121 WARN o.a.j.t.JMeterThread: Interrupting: Thread Group 1-23 sampler: HTTP Request
2025-11-22 20:31:07,121 INFO o.a.j.t.JMeterThread: Thread finished: Thread Group 1-7
2025-11-22 20:31:07,122 INFO o.a.j.t.JMeterThread: Stopping: Thread Group 1-8
2025-11-22 20:31:07,122 WARN o.a.j.t.JMeterThread: Interrupting: Thread Group 1-8 sampler: HTTP Request
2025-11-22 20:31:07,122 INFO o.a.j.t.JMeterThread: Thread finished: Thread Group 1-15
2025-11-22 20:31:07,122 INFO o.a.j.t.JMeterThread: Stopping: Thread Group 1-14
2025-11-22 20:31:07,122 WARN o.a.j.t.JMeterThread: Interrupting: Thread Group 1-14 sampler: HTTP Request
2025-11-22 20:31:07,122 INFO o.a.j.t.JMeterThread: Stopping: Thread Group 1-20
2025-11-22 20:31:07,122 INFO o.a.j.t.JMeterThread: Thread finished: Thread Group 1-23
2025-11-22 20:31:07,122 INFO o.a.j.t.JMeterThread: Thread finished: Thread Group 1-8
2025-11-22 20:31:07,122 WARN o.a.j.t.JMeterThread: Interrupting: Thread Group 1-20 sampler: HTTP Request
2025-11-22 20:31:07,122 INFO o.a.j.t.JMeterThread: Stopping: Thread Group 1-6
2025-11-22 20:31:07,122 WARN o.a.j.t.JMeterThread: Interrupting: Thread Group 1-6 sampler: HTTP Request
2025-11-22 20:31:07,122 INFO o.a.j.t.JMeterThread: Thread finished: Thread Group 1-14
2025-11-22 20:31:07,122 INFO o.a.j.t.JMeterThread: Stopping: Thread Group 1-9
2025-11-22 20:31:07,122 INFO o.a.j.t.JMeterThread: Thread finished: Thread Group 1-20
2025-11-22 20:31:07,122 WARN o.a.j.t.JMeterThread: Interrupting: Thread Group 1-9 sampler: HTTP Request
2025-11-22 20:31:07,122 INFO o.a.j.t.JMeterThread: Thread finished: Thread Group 1-6
2025-11-22 20:31:07,122 INFO o.a.j.t.JMeterThread: Stopping: Thread Group 1-18
2025-11-22 20:31:07,122 WARN o.a.j.t.JMeterThread: Interrupting: Thread Group 1-18 sampler: HTTP Request
2025-11-22 20:31:07,122 INFO o.a.j.t.JMeterThread: Stopping: Thread Group 1-19
2025-11-22 20:31:07,122 INFO o.a.j.t.JMeterThread: Thread finished: Thread Group 1-9
2025-11-22 20:31:07,122 WARN o.a.j.t.JMeterThread: Interrupting: Thread Group 1-19 sampler: HTTP Request
2025-11-22 20:31:07,123 INFO o.a.j.t.JMeterThread: Stopping: Thread Group 1-3
2025-11-22 20:31:07,123 WARN o.a.j.t.JMeterThread: Interrupting: Thread Group 1-3 sampler: HTTP Request
2025-11-22 20:31:07,123 INFO o.a.j.t.JMeterThread: Thread finished: Thread Group 1-18
2025-11-22 20:31:07,123 INFO o.a.j.t.JMeterThread: Thread finished: Thread Group 1-19
2025-11-22 20:31:07,123 INFO o.a.j.t.JMeterThread: Stopping: Thread Group 1-2
2025-11-22 20:31:07,123 WARN o.a.j.t.JMeterThread: Interrupting: Thread Group 1-2 sampler: HTTP Request
2025-11-22 20:31:07,123 INFO o.a.j.t.JMeterThread: Thread finished: Thread Group 1-3
2025-11-22 20:31:07,123 INFO o.a.j.t.JMeterThread: Thread finished: Thread Group 1-2
2025-11-22 20:31:07,123 INFO o.a.j.e.StandardJMeterEngine: Notifying test listeners of end of test
2025-11-22 20:31:07,123 INFO o.a.j.g.u.JMeterMenuBar: setRunning(false, *local*)
